#-----------------------------------------------------------
# Vivado v2020.1 (64-bit)
# SW Build 2902540 on Wed May 27 19:54:35 MDT 2020
# IP Build 2902112 on Wed May 27 22:43:36 MDT 2020
# Start of session at: Mon Nov  3 08:45:26 2025
# Process ID: 6926
# Current directory: /home/osamman/487/CprE-487-Lab-3
# Command line: vivado
# Log file: /home/osamman/487/CprE-487-Lab-3/vivado.log
# Journal file: /home/osamman/487/CprE-487-Lab-3/vivado.jou
#-----------------------------------------------------------
start_gui
open_project /home/osamman/487/CprE-487-Lab-3/staged_mac/vivado/tc_staged_mac/tc_staged_mac.xpr
update_compile_order -fileset sources_1
launch_runs impl_1 -jobs 2
wait_on_run impl_1
open_run impl_1
report_power -name {power_1}
report_timing_summary -delay_type min_max -report_unconstrained -check_timing_verbose -max_paths 10 -input_pins -routable_nets -name timing_1
report_utilization -name utilization_1
close_project
open_project /home/osamman/487/CprE-487-Lab-3/swift_piped_mac/vivado/tc_swift_piped_mac/tc_swift_piped_mac.xpr
update_compile_order -fileset sources_1
close_project
open_project /home/osamman/487/CprE-487-Lab-3/piped_mac/vivado/tc_piped_mac/tc_piped_mac.xpr
update_compile_order -fileset sources_1
launch_runs impl_1 -jobs 2
wait_on_run impl_1
open_run impl_1
report_utilization -name utilization_1
report_timing_summary -delay_type min_max -report_unconstrained -check_timing_verbose -max_paths 10 -input_pins -routable_nets -name timing_1
close_project
open_project /home/osamman/487/CprE-487-Lab-3/staged_mac/vivado/tc_staged_mac/tc_staged_mac.xpr
update_compile_order -fileset sources_1
